  PlayerUI.cpp
C:\Users\由留部 瑛人.FICPCROOMB14\Documents\GitHub\MyGame3D2\3DShooting\3DShooting\GameObject\PlayerUI.cpp(353,56): warning C4267: '引数': 'size_t' から 'int' に変換しました。データが失われているかもしれません。
C:\Users\由留部 瑛人.FICPCROOMB14\Documents\GitHub\MyGame3D2\3DShooting\3DShooting\GameObject\PlayerUI.cpp(372,19): warning C4244: '初期化中': 'float' から 'int' への変換です。データが失われる可能性があります。
C:\Users\由留部 瑛人.FICPCROOMB14\Documents\GitHub\MyGame3D2\3DShooting\3DShooting\GameObject\PlayerUI.cpp(518,19): warning C4244: '初期化中': 'float' から 'int' への変換です。データが失われる可能性があります。
C:\Users\由留部 瑛人.FICPCROOMB14\Documents\GitHub\MyGame3D2\3DShooting\3DShooting\GameObject\PlayerUI.cpp(519,19): warning C4244: '初期化中': 'float' から 'int' への変換です。データが失われる可能性があります。
C:\Users\由留部 瑛人.FICPCROOMB14\Documents\GitHub\MyGame3D2\3DShooting\3DShooting\GameObject\PlayerUI.cpp(533,54): warning C4244: '=': 'float' から 'int' への変換です。データが失われる可能性があります。
C:\Users\由留部 瑛人.FICPCROOMB14\Documents\GitHub\MyGame3D2\3DShooting\3DShooting\GameObject\PlayerUI.cpp(541,52): warning C4267: '引数': 'size_t' から 'int' に変換しました。データが失われているかもしれません。
C:\Users\由留部 瑛人.FICPCROOMB14\Documents\GitHub\MyGame3D2\3DShooting\3DShooting\GameObject\PlayerUI.cpp(604,19): warning C4244: '初期化中': 'float' から 'int' への変換です。データが失われる可能性があります。
C:\Users\由留部 瑛人.FICPCROOMB14\Documents\GitHub\MyGame3D2\3DShooting\3DShooting\GameObject\PlayerUI.cpp(605,19): warning C4244: '初期化中': 'float' から 'int' への変換です。データが失われる可能性があります。
C:\Users\由留部 瑛人.FICPCROOMB14\Documents\GitHub\MyGame3D2\3DShooting\3DShooting\GameObject\PlayerUI.cpp(610,38): warning C4244: '=': 'float' から 'int' への変換です。データが失われる可能性があります。
C:\Users\由留部 瑛人.FICPCROOMB14\Documents\GitHub\MyGame3D2\3DShooting\3DShooting\GameObject\PlayerUI.cpp(617,52): warning C4267: '引数': 'size_t' から 'int' に変換しました。データが失われているかもしれません。
C:\Users\由留部 瑛人.FICPCROOMB14\Documents\GitHub\MyGame3D2\3DShooting\3DShooting\GameObject\PlayerUI.cpp(643,113): warning C4244: '引数': 'float' から 'int' への変換です。データが失われる可能性があります。
C:\Users\由留部 瑛人.FICPCROOMB14\Documents\GitHub\MyGame3D2\3DShooting\3DShooting\GameObject\PlayerUI.cpp(643,89): warning C4244: '引数': 'float' から 'int' への変換です。データが失われる可能性があります。
C:\Users\由留部 瑛人.FICPCROOMB14\Documents\GitHub\MyGame3D2\3DShooting\3DShooting\GameObject\PlayerUI.cpp(643,65): warning C4244: '引数': 'float' から 'int' への変換です。データが失われる可能性があります。
C:\Users\由留部 瑛人.FICPCROOMB14\Documents\GitHub\MyGame3D2\3DShooting\3DShooting\GameObject\PlayerUI.cpp(643,41): warning C4244: '引数': 'float' から 'int' への変換です。データが失われる可能性があります。
C:\Users\由留部 瑛人.FICPCROOMB14\Documents\GitHub\MyGame3D2\3DShooting\3DShooting\GameObject\PlayerUI.cpp(657,64): warning C4267: '引数': 'size_t' から 'int' に変換しました。データが失われているかもしれません。
  コード生成しています。
  7 of 5109 functions ( 0.1%) were compiled, the rest were copied from previous compilation.
    1 functions were new in current compilation
    4 functions had inline decision re-evaluated but remain unchanged
  コード生成が終了しました。
EffekseerForDXLib_vs2019_x64.lib(EffekseerForDXLib.obj) : warning LNK4099: PDB '' が 'EffekseerForDXLib_vs2019_x64.lib(EffekseerForDXLib.obj)' で、または '' に見つかりません。デバッグ情報がないものとして、オブジェクトにリンクします。
  3DShooting.vcxproj -> C:\Users\由留部 瑛人.FICPCROOMB14\Documents\GitHub\MyGame3D2\3DShooting\x64\Release\3DShooting.exe
